nohup: ignoring input

============================================================
  TPS RUN: vanilla
  args: --adapter vanilla
  out:  reports/tps/vanilla.json
============================================================
Uninstalled 1 package in 0.56ms
Installed 1 package in 4ms
== TPS sweep: vanilla|base ==
Warning: You are sending unauthenticated requests to the HF Hub. Please set a HF_TOKEN to enable higher rate limits and faster downloads.
Loading weights:   0%|          | 0/434 [00:00<?, ?it/s]Loading weights: 100%|██████████| 434/434 [00:00<00:00, 10755.71it/s]
loaded in 23.2s
  [200/2592] 5.08 item/s, eta 7.8 min
  [400/2592] 5.17 item/s, eta 7.1 min
  [600/2592] 5.21 item/s, eta 6.4 min
  [800/2592] 5.21 item/s, eta 5.7 min
  [1000/2592] 5.22 item/s, eta 5.1 min
  [1200/2592] 5.22 item/s, eta 4.4 min
  [1400/2592] 5.23 item/s, eta 3.8 min
  [1600/2592] 5.24 item/s, eta 3.2 min
  [1800/2592] 5.23 item/s, eta 2.5 min
  [2000/2592] 5.24 item/s, eta 1.9 min
  [2200/2592] 5.24 item/s, eta 1.2 min
  [2400/2592] 5.24 item/s, eta 0.6 min
wrote 2592 results to reports/tps/vanilla.json (total 518.1s)

============================================================
  TPS RUN: prompt
  args: --adapter prompt
  out:  reports/tps/prompt.json
============================================================
Uninstalled 1 package in 0.68ms
Installed 1 package in 3ms
== TPS sweep: prompt|base ==
Warning: You are sending unauthenticated requests to the HF Hub. Please set a HF_TOKEN to enable higher rate limits and faster downloads.
Loading weights:   0%|          | 0/434 [00:00<?, ?it/s]Loading weights: 100%|██████████| 434/434 [00:00<00:00, 8061.15it/s]
loaded in 31.9s
  [200/2592] 5.10 item/s, eta 7.8 min
  [400/2592] 5.14 item/s, eta 7.1 min
  [600/2592] 5.17 item/s, eta 6.4 min
  [800/2592] 5.19 item/s, eta 5.8 min
  [1000/2592] 5.19 item/s, eta 5.1 min
  [1200/2592] 5.20 item/s, eta 4.5 min
  [1400/2592] 5.20 item/s, eta 3.8 min
  [1600/2592] 5.20 item/s, eta 3.2 min
  [1800/2592] 5.21 item/s, eta 2.5 min
  [2000/2592] 5.21 item/s, eta 1.9 min
  [2200/2592] 5.21 item/s, eta 1.3 min
  [2400/2592] 5.21 item/s, eta 0.6 min
wrote 2592 results to reports/tps/prompt.json (total 529.1s)

============================================================
  TPS RUN: ci_v15s_s0
  args: --adapter ci --checkpoint release_ckpts/qwen_time_v15s_20260523_141410_seed0.pt
  out:  reports/tps/ci_v15s_s0.json
============================================================
Uninstalled 1 package in 0.85ms
Installed 1 package in 3ms
== TPS sweep: ci|qwen_time_v15s_20260523_141410_seed0.pt ==
Warning: You are sending unauthenticated requests to the HF Hub. Please set a HF_TOKEN to enable higher rate limits and faster downloads.
[transformers] `torch_dtype` is deprecated! Use `dtype` instead!
Loading weights:   0%|          | 0/434 [00:00<?, ?it/s]Loading weights: 100%|██████████| 434/434 [00:00<00:00, 15853.75it/s]
  loaded 465 trainable tensors
loaded in 27.0s
  [200/2592] 4.15 item/s, eta 9.6 min
  [400/2592] 4.20 item/s, eta 8.7 min
  [600/2592] 4.23 item/s, eta 7.8 min
  [800/2592] 4.24 item/s, eta 7.0 min
  [1000/2592] 4.25 item/s, eta 6.2 min
  [1200/2592] 4.25 item/s, eta 5.5 min
  [1400/2592] 4.25 item/s, eta 4.7 min
  [1600/2592] 4.25 item/s, eta 3.9 min
  [1800/2592] 4.25 item/s, eta 3.1 min
  [2000/2592] 4.25 item/s, eta 2.3 min
  [2200/2592] 4.26 item/s, eta 1.5 min
  [2400/2592] 4.26 item/s, eta 0.8 min
wrote 2592 results to reports/tps/ci_v15s_s0.json (total 635.3s)

============================================================
  TPS RUN: chrono_only_s0
  args: --adapter ci --checkpoint checkpoints/chrono_only_s0.pt
  out:  reports/tps/chrono_only_s0.json
============================================================
Uninstalled 1 package in 0.78ms
Installed 1 package in 3ms
== TPS sweep: ci|chrono_only_s0.pt ==
Warning: You are sending unauthenticated requests to the HF Hub. Please set a HF_TOKEN to enable higher rate limits and faster downloads.
[transformers] `torch_dtype` is deprecated! Use `dtype` instead!
Loading weights:   0%|          | 0/434 [00:00<?, ?it/s]Loading weights: 100%|██████████| 434/434 [00:00<00:00, 7554.70it/s]
  loaded 175 trainable tensors
loaded in 36.7s
  [200/2592] 4.07 item/s, eta 9.8 min
  [400/2592] 4.10 item/s, eta 8.9 min
  [600/2592] 4.15 item/s, eta 8.0 min
  [800/2592] 4.17 item/s, eta 7.2 min
  [1000/2592] 4.19 item/s, eta 6.3 min
  [1200/2592] 4.20 item/s, eta 5.5 min
  [1400/2592] 4.20 item/s, eta 4.7 min
  [1600/2592] 4.21 item/s, eta 3.9 min
  [1800/2592] 4.22 item/s, eta 3.1 min
  [2000/2592] 4.22 item/s, eta 2.3 min
  [2200/2592] 4.23 item/s, eta 1.5 min
  [2400/2592] 4.23 item/s, eta 0.8 min
wrote 2592 results to reports/tps/chrono_only_s0.json (total 648.7s)

============================================================
  TPS RUN: ci_v15s_s1
  args: --adapter ci --checkpoint release_ckpts/qwen_time_v15s_20260523_141410_seed1.pt
  out:  reports/tps/ci_v15s_s1.json
============================================================
Uninstalled 1 package in 1ms
Installed 1 package in 4ms
== TPS sweep: ci|qwen_time_v15s_20260523_141410_seed1.pt ==
Warning: You are sending unauthenticated requests to the HF Hub. Please set a HF_TOKEN to enable higher rate limits and faster downloads.
[transformers] `torch_dtype` is deprecated! Use `dtype` instead!
Loading weights:   0%|          | 0/434 [00:00<?, ?it/s]Loading weights: 100%|██████████| 434/434 [00:00<00:00, 13443.58it/s]
  loaded 465 trainable tensors
loaded in 37.7s
  [200/2592] 3.46 item/s, eta 11.5 min
  [400/2592] 3.44 item/s, eta 10.6 min
  [600/2592] 3.43 item/s, eta 9.7 min
  [800/2592] 3.38 item/s, eta 8.8 min
  [1000/2592] 3.37 item/s, eta 7.9 min
  [1200/2592] 3.36 item/s, eta 6.9 min
  [1400/2592] 3.34 item/s, eta 5.9 min
  [1600/2592] 3.34 item/s, eta 4.9 min
  [1800/2592] 3.33 item/s, eta 4.0 min
  [2000/2592] 3.34 item/s, eta 3.0 min
  [2200/2592] 3.33 item/s, eta 2.0 min
  [2400/2592] 3.34 item/s, eta 1.0 min
wrote 2592 results to reports/tps/ci_v15s_s1.json (total 814.5s)

============================================================
  TPS RUN: ci_v15s_s2
  args: --adapter ci --checkpoint release_ckpts/qwen_time_v15s_20260523_141410_seed2.pt
  out:  reports/tps/ci_v15s_s2.json
============================================================
Uninstalled 1 package in 0.54ms
Installed 1 package in 3ms
== TPS sweep: ci|qwen_time_v15s_20260523_141410_seed2.pt ==
Warning: You are sending unauthenticated requests to the HF Hub. Please set a HF_TOKEN to enable higher rate limits and faster downloads.
[transformers] `torch_dtype` is deprecated! Use `dtype` instead!
Loading weights:   0%|          | 0/434 [00:00<?, ?it/s]Loading weights: 100%|██████████| 434/434 [00:00<00:00, 9066.33it/s]
  loaded 465 trainable tensors
loaded in 39.2s
  [200/2592] 3.79 item/s, eta 10.5 min
  [400/2592] 3.79 item/s, eta 9.6 min
  [600/2592] 3.76 item/s, eta 8.8 min
  [800/2592] 3.78 item/s, eta 7.9 min
  [1000/2592] 3.80 item/s, eta 7.0 min
  [1200/2592] 3.82 item/s, eta 6.1 min
  [1400/2592] 3.83 item/s, eta 5.2 min
  [1600/2592] 3.83 item/s, eta 4.3 min
  [1800/2592] 3.83 item/s, eta 3.4 min
  [2000/2592] 3.84 item/s, eta 2.6 min
  [2200/2592] 3.85 item/s, eta 1.7 min
  [2400/2592] 3.85 item/s, eta 0.8 min
wrote 2592 results to reports/tps/ci_v15s_s2.json (total 712.7s)
SWEEP COMPLETE
